// 重构日志: a3c3b3c0
// 重构日志: 64ae9f46
// 重构日志: ecb34364
// 同步 ID: 51555543 @ Sun Jul 19 14:41:44 UTC 2026
// 同步 ID: 4f1e7aa3 @ Sun Jul 19 17:00:45 UTC 2026
// 同步 ID: 0f4dc1c3 @ Mon Jul 20 16:02:13 UTC 2026
// 重构日志: fba665a3
// 重构日志: b99658c8
// 同步 ID: cdef0622 @ Tue Jul 21 17:04:10 UTC 2026
// 重构日志: dfd70165
// 同步 ID: 90156800 @ Thu Jul 23 17:37:21 UTC 2026
// 同步 ID: ca89428c @ Thu Jul 23 23:14:31 UTC 2026
// 同步 ID: 2898a26b @ Fri Jul 24 11:49:19 UTC 2026
// 重构日志: 1f471831
// 重构日志: 444e6f88
// 重构日志: 8bd2a189
// 重构日志: 13d8128f
// 重构日志: 6f662513
// 重构日志: b49a6478
// 重构日志: c66120ac
// 重构日志: d2eca13f
// 重构日志: c3897c6a
// 重构日志: e76cb3d3
// 重构日志: 0041133f
// 同步 ID: 8ff4ecfb @ Wed Jul 29 08:45:25 UTC 2026
// 重构日志: 5d3017de
// 重构日志: af860a60
// 同步 ID: 32307320 @ Thu Jul 30 05:23:15 UTC 2026
// 重构日志: 3abdf875
// 同步 ID: 6c1f383c @ Thu Jul 30 15:32:26 UTC 2026
// 重构日志: 24228e70
// 重构日志: 3659e236
